{"schemaVersion":2,"mediaType":"application/vnd.docker.distribution.manifest.v2+json","config":{"mediaType":"application/vnd.docker.container.image.v1+json","size":16026,"digest":"sha256:881a352c4517dbf5e561a08dd1c7cf65f6c4349d3ab9b13e95210800e12b14a8"},"layers":[{"mediaType":"application/vnd.docker.image.rootfs.diff.tar.gzip","size":210882560,"digest":"sha256:226bfaae015f1d5712cfced3b5b628206618eaacf72f4a44d0e4084071996319"},{"mediaType":"application/vnd.docker.image.rootfs.diff.tar.gzip","size":20480,"digest":"sha256:70056249a0e202adae10aa45fef56ac4cc6497619767753515022bc9c1278251"},{"mediaType":"application/vnd.docker.image.rootfs.diff.tar.gzip","size":64316928,"digest":"sha256:1f0424cd48d3f00eb11bdcd5fce37d2d4051a112e0adff7c5325f56b9376ffd1"},{"mediaType":"application/vnd.docker.image.rootfs.diff.tar.gzip","size":38535168,"digest":"sha256:dd90319800e003577548b230c546877aa3ad197b85512f5ded7f3eaf9fbe3fb9"},{"mediaType":"application/vnd.docker.image.rootfs.diff.tar.gzip","size":1536,"digest":"sha256:d0bc4ce1e6c976e24b3d57f043554ce33e84f8613691b621a36b18a4fa602c43"},{"mediaType":"application/vnd.docker.image.rootfs.diff.tar.gzip","size":56832,"digest":"sha256:1fd78c99113cf5aba3b4cb5ad711d299099ec84f9afdf93edcd1128e4899ab8e"},{"mediaType":"application/vnd.docker.image.rootfs.diff.tar.gzip","size":232243200,"digest":"sha256:c1498afd34f52b2d9040abe65256f3c4145282d499c5dc15bf2462905233fc9c"}]}